Archive member included because of file (symbol)

c:/program files (x86)/atmel/avr tools/avr toolchain/bin/../lib/gcc/avr/4.5.1/avr4\libgcc.a(_exit.o)
                              c:/program files (x86)/atmel/avr tools/avr toolchain/bin/../lib/gcc/avr/4.5.1/../../../../avr/lib/avr4/crtm88pa.o (exit)
c:/program files (x86)/atmel/avr tools/avr toolchain/bin/../lib/gcc/avr/4.5.1/avr4\libgcc.a(_copy_data.o)
                              Command_Handler..o (__do_copy_data)
c:/program files (x86)/atmel/avr tools/avr toolchain/bin/../lib/gcc/avr/4.5.1/avr4\libgcc.a(_clear_bss.o)
                              Command_Handler..o (__do_clear_bss)
c:/program files (x86)/atmel/avr tools/avr toolchain/bin/../lib/gcc/avr/4.5.1/../../../../avr/lib/avr4\libc.a(calloc.o)
                              Command_Handler..o (calloc)
c:/program files (x86)/atmel/avr tools/avr toolchain/bin/../lib/gcc/avr/4.5.1/../../../../avr/lib/avr4\libc.a(malloc.o)
                              c:/program files (x86)/atmel/avr tools/avr toolchain/bin/../lib/gcc/avr/4.5.1/../../../../avr/lib/avr4\libc.a(calloc.o) (malloc)
c:/program files (x86)/atmel/avr tools/avr toolchain/bin/../lib/gcc/avr/4.5.1/../../../../avr/lib/avr4\libc.a(atoi.o)
                              Command_Handler..o (atoi)
c:/program files (x86)/atmel/avr tools/avr toolchain/bin/../lib/gcc/avr/4.5.1/../../../../avr/lib/avr4\libc.a(memchr.o)
                              Command_Handler..o (memchr)
c:/program files (x86)/atmel/avr tools/avr toolchain/bin/../lib/gcc/avr/4.5.1/../../../../avr/lib/avr4\libc.a(memcpy.o)
                              Command_Handler..o (memcpy)
c:/program files (x86)/atmel/avr tools/avr toolchain/bin/../lib/gcc/avr/4.5.1/../../../../avr/lib/avr4\libc.a(memmem.o)
                              Command_Handler..o (memmem)
c:/program files (x86)/atmel/avr tools/avr toolchain/bin/../lib/gcc/avr/4.5.1/../../../../avr/lib/avr4\libc.a(memset.o)
                              c:/program files (x86)/atmel/avr tools/avr toolchain/bin/../lib/gcc/avr/4.5.1/../../../../avr/lib/avr4\libc.a(calloc.o) (memset)
c:/program files (x86)/atmel/avr tools/avr toolchain/bin/../lib/gcc/avr/4.5.1/../../../../avr/lib/avr4\libc.a(strcpy.o)
                              Command_Handler..o (strcpy)
c:/program files (x86)/atmel/avr tools/avr toolchain/bin/../lib/gcc/avr/4.5.1/../../../../avr/lib/avr4\libc.a(mul10.o)
                              c:/program files (x86)/atmel/avr tools/avr toolchain/bin/../lib/gcc/avr/4.5.1/../../../../avr/lib/avr4\libc.a(atoi.o) (__mulhi_const_10)
c:/program files (x86)/atmel/avr tools/avr toolchain/bin/../lib/gcc/avr/4.5.1/avr4\libgcc.a(_epilogue.o)
                              c:/program files (x86)/atmel/avr tools/avr toolchain/bin/../lib/gcc/avr/4.5.1/../../../../avr/lib/avr4\libc.a(calloc.o) (__epilogue_restores__)

Allocating common symbols
Common symbol       size              file

parameter           0x6               Command_Handler..o
__brkval            0x2               c:/program files (x86)/atmel/avr tools/avr toolchain/bin/../lib/gcc/avr/4.5.1/../../../../avr/lib/avr4\libc.a(malloc.o)
payload_len         0x1               nrf24.o
command_buffer      0x2               Command_Handler..o
memoryInitialized   0x1               Command_Handler..o
__flp               0x2               c:/program files (x86)/atmel/avr tools/avr toolchain/bin/../lib/gcc/avr/4.5.1/../../../../avr/lib/avr4\libc.a(malloc.o)

Discarded input sections

 .data          0x00000000        0x0 c:/program files (x86)/atmel/avr tools/avr toolchain/bin/../lib/gcc/avr/4.5.1/../../../../avr/lib/avr4/crtm88pa.o
 .bss           0x00000000        0x0 c:/program files (x86)/atmel/avr tools/avr toolchain/bin/../lib/gcc/avr/4.5.1/../../../../avr/lib/avr4/crtm88pa.o
 .text          0x00000000        0x0 Command_Handler..o
 .bss           0x00000000        0x0 Command_Handler..o
 .text.composeCommand
                0x00000000       0xdc Command_Handler..o
 .text          0x00000000        0x0 main.o
 .data          0x00000000        0x0 main.o
 .bss           0x00000000        0x0 main.o
 .text          0x00000000        0x0 nrf24.o
 .data          0x00000000        0x0 nrf24.o
 .bss           0x00000000        0x0 nrf24.o
 .text.nrf24_payload_length
                0x00000000        0x6 nrf24.o
 .text.nrf24_retransmissionCount
                0x00000000       0x22 nrf24.o
 .text.nrf24_powerDown
                0x00000000        0xc nrf24.o
 .text.nrf24_powerUpTx
                0x00000000        0xe nrf24.o
 .text.nrf24_lastMessageStatus
                0x00000000       0x16 nrf24.o
 .text.nrf24_isSending
                0x00000000        0xe nrf24.o
 .text.nrf24_send
                0x00000000       0x36 nrf24.o
 .text.nrf24_payloadLength
                0x00000000       0x1a nrf24.o
 .text.nrf24_sck_digitalWrite
                0x00000000        0xc nrf24.o
 .text.nrf24_mosi_digitalWrite
                0x00000000        0xc nrf24.o
 .text.nrf24_miso_digitalRead
                0x00000000        0x6 nrf24.o
 .text          0x00000000        0x0 c:/program files (x86)/atmel/avr tools/avr toolchain/bin/../lib/gcc/avr/4.5.1/avr4\libgcc.a(_exit.o)
 .data          0x00000000        0x0 c:/program files (x86)/atmel/avr tools/avr toolchain/bin/../lib/gcc/avr/4.5.1/avr4\libgcc.a(_exit.o)
 .bss           0x00000000        0x0 c:/program files (x86)/atmel/avr tools/avr toolchain/bin/../lib/gcc/avr/4.5.1/avr4\libgcc.a(_exit.o)
 .text.libgcc   0x00000000        0x0 c:/program files (x86)/atmel/avr tools/avr toolchain/bin/../lib/gcc/avr/4.5.1/avr4\libgcc.a(_exit.o)
 .text          0x00000000        0x0 c:/program files (x86)/atmel/avr tools/avr toolchain/bin/../lib/gcc/avr/4.5.1/avr4\libgcc.a(_copy_data.o)
 .data          0x00000000        0x0 c:/program files (x86)/atmel/avr tools/avr toolchain/bin/../lib/gcc/avr/4.5.1/avr4\libgcc.a(_copy_data.o)
 .bss           0x00000000        0x0 c:/program files (x86)/atmel/avr tools/avr toolchain/bin/../lib/gcc/avr/4.5.1/avr4\libgcc.a(_copy_data.o)
 .text.libgcc   0x00000000        0x0 c:/program files (x86)/atmel/avr tools/avr toolchain/bin/../lib/gcc/avr/4.5.1/avr4\libgcc.a(_copy_data.o)
 .text          0x00000000        0x0 c:/program files (x86)/atmel/avr tools/avr toolchain/bin/../lib/gcc/avr/4.5.1/avr4\libgcc.a(_clear_bss.o)
 .data          0x00000000        0x0 c:/program files (x86)/atmel/avr tools/avr toolchain/bin/../lib/gcc/avr/4.5.1/avr4\libgcc.a(_clear_bss.o)
 .bss           0x00000000        0x0 c:/program files (x86)/atmel/avr tools/avr toolchain/bin/../lib/gcc/avr/4.5.1/avr4\libgcc.a(_clear_bss.o)
 .text.libgcc   0x00000000        0x0 c:/program files (x86)/atmel/avr tools/avr toolchain/bin/../lib/gcc/avr/4.5.1/avr4\libgcc.a(_clear_bss.o)
 .text          0x00000000        0x0 c:/program files (x86)/atmel/avr tools/avr toolchain/bin/../lib/gcc/avr/4.5.1/../../../../avr/lib/avr4\libc.a(calloc.o)
 .data          0x00000000        0x0 c:/program files (x86)/atmel/avr tools/avr toolchain/bin/../lib/gcc/avr/4.5.1/../../../../avr/lib/avr4\libc.a(calloc.o)
 .bss           0x00000000        0x0 c:/program files (x86)/atmel/avr tools/avr toolchain/bin/../lib/gcc/avr/4.5.1/../../../../avr/lib/avr4\libc.a(calloc.o)
 .text          0x00000000        0x0 c:/program files (x86)/atmel/avr tools/avr toolchain/bin/../lib/gcc/avr/4.5.1/../../../../avr/lib/avr4\libc.a(malloc.o)
 .bss           0x00000000        0x0 c:/program files (x86)/atmel/avr tools/avr toolchain/bin/../lib/gcc/avr/4.5.1/../../../../avr/lib/avr4\libc.a(malloc.o)
 .text          0x00000000        0x0 c:/program files (x86)/atmel/avr tools/avr toolchain/bin/../lib/gcc/avr/4.5.1/../../../../avr/lib/avr4\libc.a(atoi.o)
 .data          0x00000000        0x0 c:/program files (x86)/atmel/avr tools/avr toolchain/bin/../lib/gcc/avr/4.5.1/../../../../avr/lib/avr4\libc.a(atoi.o)
 .bss           0x00000000        0x0 c:/program files (x86)/atmel/avr tools/avr toolchain/bin/../lib/gcc/avr/4.5.1/../../../../avr/lib/avr4\libc.a(atoi.o)
 .text          0x00000000        0x0 c:/program files (x86)/atmel/avr tools/avr toolchain/bin/../lib/gcc/avr/4.5.1/../../../../avr/lib/avr4\libc.a(memchr.o)
 .data          0x00000000        0x0 c:/program files (x86)/atmel/avr tools/avr toolchain/bin/../lib/gcc/avr/4.5.1/../../../../avr/lib/avr4\libc.a(memchr.o)
 .bss           0x00000000        0x0 c:/program files (x86)/atmel/avr tools/avr toolchain/bin/../lib/gcc/avr/4.5.1/../../../../avr/lib/avr4\libc.a(memchr.o)
 .text          0x00000000        0x0 c:/program files (x86)/atmel/avr tools/avr toolchain/bin/../lib/gcc/avr/4.5.1/../../../../avr/lib/avr4\libc.a(memcpy.o)
 .data          0x00000000        0x0 c:/program files (x86)/atmel/avr tools/avr toolchain/bin/../lib/gcc/avr/4.5.1/../../../../avr/lib/avr4\libc.a(memcpy.o)
 .bss           0x00000000        0x0 c:/program files (x86)/atmel/avr tools/avr toolchain/bin/../lib/gcc/avr/4.5.1/../../../../avr/lib/avr4\libc.a(memcpy.o)
 .text          0x00000000        0x0 c:/program files (x86)/atmel/avr tools/avr toolchain/bin/../lib/gcc/avr/4.5.1/../../../../avr/lib/avr4\libc.a(memmem.o)
 .data          0x00000000        0x0 c:/program files (x86)/atmel/avr tools/avr toolchain/bin/../lib/gcc/avr/4.5.1/../../../../avr/lib/avr4\libc.a(memmem.o)
 .bss           0x00000000        0x0 c:/program files (x86)/atmel/avr tools/avr toolchain/bin/../lib/gcc/avr/4.5.1/../../../../avr/lib/avr4\libc.a(memmem.o)
 .text          0x00000000        0x0 c:/program files (x86)/atmel/avr tools/avr toolchain/bin/../lib/gcc/avr/4.5.1/../../../../avr/lib/avr4\libc.a(memset.o)
 .data          0x00000000        0x0 c:/program files (x86)/atmel/avr tools/avr toolchain/bin/../lib/gcc/avr/4.5.1/../../../../avr/lib/avr4\libc.a(memset.o)
 .bss           0x00000000        0x0 c:/program files (x86)/atmel/avr tools/avr toolchain/bin/../lib/gcc/avr/4.5.1/../../../../avr/lib/avr4\libc.a(memset.o)
 .text          0x00000000        0x0 c:/program files (x86)/atmel/avr tools/avr toolchain/bin/../lib/gcc/avr/4.5.1/../../../../avr/lib/avr4\libc.a(strcpy.o)
 .data          0x00000000        0x0 c:/program files (x86)/atmel/avr tools/avr toolchain/bin/../lib/gcc/avr/4.5.1/../../../../avr/lib/avr4\libc.a(strcpy.o)
 .bss           0x00000000        0x0 c:/program files (x86)/atmel/avr tools/avr toolchain/bin/../lib/gcc/avr/4.5.1/../../../../avr/lib/avr4\libc.a(strcpy.o)
 .text.avr-libc
                0x00000000        0xe c:/program files (x86)/atmel/avr tools/avr toolchain/bin/../lib/gcc/avr/4.5.1/../../../../avr/lib/avr4\libc.a(strcpy.o)
 .text          0x00000000        0x0 c:/program files (x86)/atmel/avr tools/avr toolchain/bin/../lib/gcc/avr/4.5.1/../../../../avr/lib/avr4\libc.a(mul10.o)
 .data          0x00000000        0x0 c:/program files (x86)/atmel/avr tools/avr toolchain/bin/../lib/gcc/avr/4.5.1/../../../../avr/lib/avr4\libc.a(mul10.o)
 .bss           0x00000000        0x0 c:/program files (x86)/atmel/avr tools/avr toolchain/bin/../lib/gcc/avr/4.5.1/../../../../avr/lib/avr4\libc.a(mul10.o)
 .text          0x00000000        0x0 c:/program files (x86)/atmel/avr tools/avr toolchain/bin/../lib/gcc/avr/4.5.1/avr4\libgcc.a(_epilogue.o)
 .data          0x00000000        0x0 c:/program files (x86)/atmel/avr tools/avr toolchain/bin/../lib/gcc/avr/4.5.1/avr4\libgcc.a(_epilogue.o)
 .bss           0x00000000        0x0 c:/program files (x86)/atmel/avr tools/avr toolchain/bin/../lib/gcc/avr/4.5.1/avr4\libgcc.a(_epilogue.o)

Memory Configuration

Name             Origin             Length             Attributes
text             0x00000000         0x00002000         xr
data             0x00800060         0x0000ffa0         rw !x
eeprom           0x00810000         0x00010000         rw !x
fuse             0x00820000         0x00000400         rw !x
lock             0x00830000         0x00000400         rw !x
signature        0x00840000         0x00000400         rw !x
*default*        0x00000000         0xffffffff

Linker script and memory map

Address of section .data set to 0x800100
LOAD c:/program files (x86)/atmel/avr tools/avr toolchain/bin/../lib/gcc/avr/4.5.1/../../../../avr/lib/avr4/crtm88pa.o
LOAD Command_Handler..o
LOAD main.o
LOAD nrf24.o
START GROUP
LOAD c:/program files (x86)/atmel/avr tools/avr toolchain/bin/../lib/gcc/avr/4.5.1/../../../../avr/lib/avr4\libm.a
END GROUP
LOAD c:/program files (x86)/atmel/avr tools/avr toolchain/bin/../lib/gcc/avr/4.5.1/avr4\libgcc.a
LOAD c:/program files (x86)/atmel/avr tools/avr toolchain/bin/../lib/gcc/avr/4.5.1/../../../../avr/lib/avr4\libc.a
LOAD c:/program files (x86)/atmel/avr tools/avr toolchain/bin/../lib/gcc/avr/4.5.1/avr4\libgcc.a

.hash
 *(.hash)

.dynsym
 *(.dynsym)

.dynstr
 *(.dynstr)

.gnu.version
 *(.gnu.version)

.gnu.version_d
 *(.gnu.version_d)

.gnu.version_r
 *(.gnu.version_r)

.rel.init
 *(.rel.init)

.rela.init
 *(.rela.init)

.rel.text
 *(.rel.text)
 *(.rel.text.*)
 *(.rel.gnu.linkonce.t*)

.rela.text
 *(.rela.text)
 *(.rela.text.*)
 *(.rela.gnu.linkonce.t*)

.rel.fini
 *(.rel.fini)

.rela.fini
 *(.rela.fini)

.rel.rodata
 *(.rel.rodata)
 *(.rel.rodata.*)
 *(.rel.gnu.linkonce.r*)

.rela.rodata
 *(.rela.rodata)
 *(.rela.rodata.*)
 *(.rela.gnu.linkonce.r*)

.rel.data
 *(.rel.data)
 *(.rel.data.*)
 *(.rel.gnu.linkonce.d*)

.rela.data
 *(.rela.data)
 *(.rela.data.*)
 *(.rela.gnu.linkonce.d*)

.rel.ctors
 *(.rel.ctors)

.rela.ctors
 *(.rela.ctors)

.rel.dtors
 *(.rel.dtors)

.rela.dtors
 *(.rela.dtors)

.rel.got
 *(.rel.got)

.rela.got
 *(.rela.got)

.rel.bss
 *(.rel.bss)

.rela.bss
 *(.rela.bss)

.rel.plt
 *(.rel.plt)

.rela.plt
 *(.rela.plt)

.text           0x00000000      0x9f2
 *(.vectors)
 .vectors       0x00000000       0x34 c:/program files (x86)/atmel/avr tools/avr toolchain/bin/../lib/gcc/avr/4.5.1/../../../../avr/lib/avr4/crtm88pa.o
                0x00000000                __vector_default
                0x00000000                __vectors
 *(.vectors)
 *(.progmem.gcc*)
 *(.progmem*)
                0x00000034                . = ALIGN (0x2)
                0x00000034                __trampolines_start = .
 *(.trampolines)
 .trampolines   0x00000034        0x0 linker stubs
 *(.trampolines*)
                0x00000034                __trampolines_end = .
 *(.jumptables)
 *(.jumptables*)
 *(.lowtext)
 *(.lowtext*)
                0x00000034                __ctors_start = .
 *(.ctors)
                0x00000034                __ctors_end = .
                0x00000034                __dtors_start = .
 *(.dtors)
                0x00000034                __dtors_end = .
 SORT(*)(.ctors)
 SORT(*)(.dtors)
 *(.init0)
 .init0         0x00000034        0x0 c:/program files (x86)/atmel/avr tools/avr toolchain/bin/../lib/gcc/avr/4.5.1/../../../../avr/lib/avr4/crtm88pa.o
                0x00000034                __init
 *(.init0)
 *(.init1)
 *(.init1)
 *(.init2)
 .init2         0x00000034        0xc c:/program files (x86)/atmel/avr tools/avr toolchain/bin/../lib/gcc/avr/4.5.1/../../../../avr/lib/avr4/crtm88pa.o
 *(.init2)
 *(.init3)
 *(.init3)
 *(.init4)
 .init4         0x00000040       0x16 c:/program files (x86)/atmel/avr tools/avr toolchain/bin/../lib/gcc/avr/4.5.1/avr4\libgcc.a(_copy_data.o)
                0x00000040                __do_copy_data
 .init4         0x00000056       0x10 c:/program files (x86)/atmel/avr tools/avr toolchain/bin/../lib/gcc/avr/4.5.1/avr4\libgcc.a(_clear_bss.o)
                0x00000056                __do_clear_bss
 *(.init4)
 *(.init5)
 *(.init5)
 *(.init6)
 *(.init6)
 *(.init7)
 *(.init7)
 *(.init8)
 *(.init8)
 *(.init9)
 .init9         0x00000066        0x4 c:/program files (x86)/atmel/avr tools/avr toolchain/bin/../lib/gcc/avr/4.5.1/../../../../avr/lib/avr4/crtm88pa.o
 *(.init9)
 *(.text)
 .text          0x0000006a        0x2 c:/program files (x86)/atmel/avr tools/avr toolchain/bin/../lib/gcc/avr/4.5.1/../../../../avr/lib/avr4/crtm88pa.o
                0x0000006a                __vector_22
                0x0000006a                __vector_1
                0x0000006a                __vector_24
                0x0000006a                __vector_12
                0x0000006a                __bad_interrupt
                0x0000006a                __vector_6
                0x0000006a                __vector_3
                0x0000006a                __vector_23
                0x0000006a                __vector_25
                0x0000006a                __vector_11
                0x0000006a                __vector_13
                0x0000006a                __vector_17
                0x0000006a                __vector_19
                0x0000006a                __vector_7
                0x0000006a                __vector_5
                0x0000006a                __vector_4
                0x0000006a                __vector_9
                0x0000006a                __vector_2
                0x0000006a                __vector_21
                0x0000006a                __vector_15
                0x0000006a                __vector_8
                0x0000006a                __vector_14
                0x0000006a                __vector_10
                0x0000006a                __vector_16
                0x0000006a                __vector_18
                0x0000006a                __vector_20
                0x0000006c                . = ALIGN (0x2)
 *(.text.*)
 .text.BUILT_IN_LED_TEST_HANDLER
                0x0000006c       0x2e Command_Handler..o
                0x0000006c                BUILT_IN_LED_TEST_HANDLER
 .text.TURN_RELAY_OFF_HANDLE
                0x0000009a       0x2c Command_Handler..o
                0x0000009a                TURN_RELAY_OFF_HANDLE
 .text.TURN_RELAY_ON_HANDLE
                0x000000c6       0x2c Command_Handler..o
                0x000000c6                TURN_RELAY_ON_HANDLE
 .text.initliazeMemory
                0x000000f2       0xb0 Command_Handler..o
                0x000000f2                initliazeMemory
 .text.decomposeCommand
                0x000001a2      0x140 Command_Handler..o
                0x000001a2                decomposeCommand
 .text.initIO   0x000002e2        0xe main.o
                0x000002e2                initIO
 .text.initRF   0x000002f0       0x60 main.o
                0x000002f0                initRF
 .text.main     0x00000350       0x56 main.o
                0x00000350                main
 .text.spi_transfer
                0x000003a6       0x1e nrf24.o
                0x000003a6                spi_transfer
 .text.nrf24_transferSync
                0x000003c4       0x4a nrf24.o
                0x000003c4                nrf24_transferSync
 .text.nrf24_transmitSync
                0x0000040e       0x38 nrf24.o
                0x0000040e                nrf24_transmitSync
 .text.init_native_spi
                0x00000446       0x24 nrf24.o
                0x00000446                init_native_spi
 .text.nrf24_setupPins
                0x0000046a        0x6 nrf24.o
                0x0000046a                nrf24_setupPins
 .text.nrf24_ce_digitalWrite
                0x00000470        0xc nrf24.o
                0x00000470                nrf24_ce_digitalWrite
 .text.nrf24_csn_digitalWrite
                0x0000047c        0xc nrf24.o
                0x0000047c                nrf24_csn_digitalWrite
 .text.nrf24_writeRegister
                0x00000488       0x2e nrf24.o
                0x00000488                nrf24_writeRegister
 .text.nrf24_tx_address
                0x000004b6       0x1c nrf24.o
                0x000004b6                nrf24_tx_address
 .text.nrf24_rx_address
                0x000004d2       0x1c nrf24.o
                0x000004d2                nrf24_rx_address
 .text.nrf24_readRegister
                0x000004ee       0x2e nrf24.o
                0x000004ee                nrf24_readRegister
 .text.nrf24_rxFifoEmpty
                0x0000051c       0x22 nrf24.o
                0x0000051c                nrf24_rxFifoEmpty
 .text.nrf24_configRegister
                0x0000053e       0x22 nrf24.o
                0x0000053e                nrf24_configRegister
 .text.nrf24_powerUpRx
                0x00000560       0x22 nrf24.o
                0x00000560                nrf24_powerUpRx
 .text.nrf24_config
                0x00000582       0x5a nrf24.o
                0x00000582                nrf24_config
 .text.nrf24_getStatus
                0x000005dc       0x16 nrf24.o
                0x000005dc                nrf24_getStatus
 .text.nrf24_dataReady
                0x000005f2       0x18 nrf24.o
                0x000005f2                nrf24_dataReady
 .text.nrf24_getData
                0x0000060a       0x28 nrf24.o
                0x0000060a                nrf24_getData
 .text.nrf24_init
                0x00000632        0xe nrf24.o
                0x00000632                nrf24_init
 .text.avr-libc
                0x00000640       0x42 c:/program files (x86)/atmel/avr tools/avr toolchain/bin/../lib/gcc/avr/4.5.1/../../../../avr/lib/avr4\libc.a(calloc.o)
                0x00000640                calloc
 .text.avr-libc
                0x00000682      0x266 c:/program files (x86)/atmel/avr tools/avr toolchain/bin/../lib/gcc/avr/4.5.1/../../../../avr/lib/avr4\libc.a(malloc.o)
                0x00000682                malloc
                0x000007b6                free
 .text.avr-libc
                0x000008e8       0x3a c:/program files (x86)/atmel/avr tools/avr toolchain/bin/../lib/gcc/avr/4.5.1/../../../../avr/lib/avr4\libc.a(atoi.o)
                0x000008e8                atoi
 .text.avr-libc
                0x00000922       0x1a c:/program files (x86)/atmel/avr tools/avr toolchain/bin/../lib/gcc/avr/4.5.1/../../../../avr/lib/avr4\libc.a(memchr.o)
                0x00000922                memchr
 .text.avr-libc
                0x0000093c       0x12 c:/program files (x86)/atmel/avr tools/avr toolchain/bin/../lib/gcc/avr/4.5.1/../../../../avr/lib/avr4\libc.a(memcpy.o)
                0x0000093c                memcpy
 .text.avr-libc
                0x0000094e       0x4c c:/program files (x86)/atmel/avr tools/avr toolchain/bin/../lib/gcc/avr/4.5.1/../../../../avr/lib/avr4\libc.a(memmem.o)
                0x0000094e                memmem
 .text.avr-libc
                0x0000099a        0xe c:/program files (x86)/atmel/avr tools/avr toolchain/bin/../lib/gcc/avr/4.5.1/../../../../avr/lib/avr4\libc.a(memset.o)
                0x0000099a                memset
 .text.avr-libc
                0x000009a8       0x10 c:/program files (x86)/atmel/avr tools/avr toolchain/bin/../lib/gcc/avr/4.5.1/../../../../avr/lib/avr4\libc.a(mul10.o)
                0x000009a8                __mulhi_const_10
 .text.libgcc   0x000009b8       0x36 c:/program files (x86)/atmel/avr tools/avr toolchain/bin/../lib/gcc/avr/4.5.1/avr4\libgcc.a(_epilogue.o)
                0x000009b8                __epilogue_restores__
                0x000009ee                . = ALIGN (0x2)
 *(.fini9)
 .fini9         0x000009ee        0x0 c:/program files (x86)/atmel/avr tools/avr toolchain/bin/../lib/gcc/avr/4.5.1/avr4\libgcc.a(_exit.o)
                0x000009ee                _exit
                0x000009ee                exit
 *(.fini9)
 *(.fini8)
 *(.fini8)
 *(.fini7)
 *(.fini7)
 *(.fini6)
 *(.fini6)
 *(.fini5)
 *(.fini5)
 *(.fini4)
 *(.fini4)
 *(.fini3)
 *(.fini3)
 *(.fini2)
 *(.fini2)
 *(.fini1)
 *(.fini1)
 *(.fini0)
 .fini0         0x000009ee        0x4 c:/program files (x86)/atmel/avr tools/avr toolchain/bin/../lib/gcc/avr/4.5.1/avr4\libgcc.a(_exit.o)
 *(.fini0)
                0x000009f2                _etext = .

.data           0x00800100       0x4e load address 0x000009f2
                0x00800100                PROVIDE (__data_start, .)
 *(.data)
 .data          0x00800100       0x2f Command_Handler..o
 .data          0x0080012f        0x6 c:/program files (x86)/atmel/avr tools/avr toolchain/bin/../lib/gcc/avr/4.5.1/../../../../avr/lib/avr4\libc.a(malloc.o)
                0x0080012f                __malloc_margin
                0x00800131                __malloc_heap_start
                0x00800133                __malloc_heap_end
 *(.data*)
 *(.rodata)
 *(.rodata*)
 .rodata.availableCommand
                0x00800135        0xf Command_Handler..o
                0x00800135                availableCommand
 .rodata.C.1.2468
                0x00800144        0x5 main.o
 .rodata.C.0.2467
                0x00800149        0x5 main.o
 *(.gnu.linkonce.d*)
                0x0080014e                . = ALIGN (0x2)
                0x0080014e                _edata = .
                0x0080014e                PROVIDE (__data_end, .)

.bss            0x0080014e        0xe
                0x0080014e                PROVIDE (__bss_start, .)
 *(.bss)
 *(.bss*)
 *(COMMON)
 COMMON         0x0080014e        0x9 Command_Handler..o
                0x0080014e                parameter
                0x00800154                command_buffer
                0x00800156                memoryInitialized
 COMMON         0x00800157        0x1 nrf24.o
                0x00800157                payload_len
 COMMON         0x00800158        0x4 c:/program files (x86)/atmel/avr tools/avr toolchain/bin/../lib/gcc/avr/4.5.1/../../../../avr/lib/avr4\libc.a(malloc.o)
                0x00800158                __brkval
                0x0080015a                __flp
                0x0080015c                PROVIDE (__bss_end, .)
                0x000009f2                __data_load_start = LOADADDR (.data)
                0x00000a40                __data_load_end = (__data_load_start + SIZEOF (.data))

.noinit         0x0080015c        0x0
                0x0080015c                PROVIDE (__noinit_start, .)
 *(.noinit*)
                0x0080015c                PROVIDE (__noinit_end, .)
                0x0080015c                _end = .
                0x0080015c                PROVIDE (__heap_start, .)

.eeprom         0x00810000        0x0
 *(.eeprom*)
                0x00810000                __eeprom_end = .

.fuse
 *(.fuse)
 *(.lfuse)
 *(.hfuse)
 *(.efuse)

.lock
 *(.lock*)

.signature
 *(.signature*)

.stab           0x00000000      0xcc0
 *(.stab)
 .stab          0x00000000      0x6cc c:/program files (x86)/atmel/avr tools/avr toolchain/bin/../lib/gcc/avr/4.5.1/../../../../avr/lib/avr4/crtm88pa.o
 .stab          0x000006cc      0x174 c:/program files (x86)/atmel/avr tools/avr toolchain/bin/../lib/gcc/avr/4.5.1/../../../../avr/lib/avr4\libc.a(atoi.o)
                                0x180 (size before relaxing)
 .stab          0x00000840       0xb4 c:/program files (x86)/atmel/avr tools/avr toolchain/bin/../lib/gcc/avr/4.5.1/../../../../avr/lib/avr4\libc.a(memchr.o)
                                 0xc0 (size before relaxing)
 .stab          0x000008f4       0x84 c:/program files (x86)/atmel/avr tools/avr toolchain/bin/../lib/gcc/avr/4.5.1/../../../../avr/lib/avr4\libc.a(memcpy.o)
                                 0x90 (size before relaxing)
 .stab          0x00000978      0x1f8 c:/program files (x86)/atmel/avr tools/avr toolchain/bin/../lib/gcc/avr/4.5.1/../../../../avr/lib/avr4\libc.a(memmem.o)
                                0x204 (size before relaxing)
 .stab          0x00000b70       0x6c c:/program files (x86)/atmel/avr tools/avr toolchain/bin/../lib/gcc/avr/4.5.1/../../../../avr/lib/avr4\libc.a(memset.o)
                                 0x78 (size before relaxing)
 .stab          0x00000bdc       0x6c c:/program files (x86)/atmel/avr tools/avr toolchain/bin/../lib/gcc/avr/4.5.1/../../../../avr/lib/avr4\libc.a(strcpy.o)
                                 0x78 (size before relaxing)
 .stab          0x00000c48       0x78 c:/program files (x86)/atmel/avr tools/avr toolchain/bin/../lib/gcc/avr/4.5.1/../../../../avr/lib/avr4\libc.a(mul10.o)
                                 0x84 (size before relaxing)

.stabstr        0x00000000      0x3be
 *(.stabstr)
 .stabstr       0x00000000      0x3be c:/program files (x86)/atmel/avr tools/avr toolchain/bin/../lib/gcc/avr/4.5.1/../../../../avr/lib/avr4/crtm88pa.o

.stab.excl
 *(.stab.excl)

.stab.exclstr
 *(.stab.exclstr)

.stab.index
 *(.stab.index)

.stab.indexstr
 *(.stab.indexstr)

.comment
 *(.comment)

.debug
 *(.debug)

.line
 *(.line)

.debug_srcinfo
 *(.debug_srcinfo)

.debug_sfnames
 *(.debug_sfnames)

.debug_aranges  0x00000000      0x1c8
 *(.debug_aranges)
 .debug_aranges
                0x00000000       0x48 Command_Handler..o
 .debug_aranges
                0x00000048       0x30 main.o
 .debug_aranges
                0x00000078      0x108 nrf24.o
 .debug_aranges
                0x00000180       0x20 c:/program files (x86)/atmel/avr tools/avr toolchain/bin/../lib/gcc/avr/4.5.1/../../../../avr/lib/avr4\libc.a(calloc.o)
 .debug_aranges
                0x000001a0       0x28 c:/program files (x86)/atmel/avr tools/avr toolchain/bin/../lib/gcc/avr/4.5.1/../../../../avr/lib/avr4\libc.a(malloc.o)

.debug_pubnames
                0x00000000      0x4ab
 *(.debug_pubnames)
 .debug_pubnames
                0x00000000       0xeb Command_Handler..o
 .debug_pubnames
                0x000000eb       0x68 main.o
 .debug_pubnames
                0x00000153      0x2bc nrf24.o
 .debug_pubnames
                0x0000040f       0x1d c:/program files (x86)/atmel/avr tools/avr toolchain/bin/../lib/gcc/avr/4.5.1/../../../../avr/lib/avr4\libc.a(calloc.o)
 .debug_pubnames
                0x0000042c       0x7f c:/program files (x86)/atmel/avr tools/avr toolchain/bin/../lib/gcc/avr/4.5.1/../../../../avr/lib/avr4\libc.a(malloc.o)

.debug_info     0x00000000      0xecb
 *(.debug_info)
 .debug_info    0x00000000      0x435 Command_Handler..o
 .debug_info    0x00000435      0x1d7 main.o
 .debug_info    0x0000060c      0x598 nrf24.o
 .debug_info    0x00000ba4       0x91 c:/program files (x86)/atmel/avr tools/avr toolchain/bin/../lib/gcc/avr/4.5.1/../../../../avr/lib/avr4\libc.a(calloc.o)
 .debug_info    0x00000c35      0x296 c:/program files (x86)/atmel/avr tools/avr toolchain/bin/../lib/gcc/avr/4.5.1/../../../../avr/lib/avr4\libc.a(malloc.o)
 *(.gnu.linkonce.wi.*)

.debug_abbrev   0x00000000      0x62e
 *(.debug_abbrev)
 .debug_abbrev  0x00000000      0x208 Command_Handler..o
 .debug_abbrev  0x00000208      0x114 main.o
 .debug_abbrev  0x0000031c      0x1a8 nrf24.o
 .debug_abbrev  0x000004c4       0x75 c:/program files (x86)/atmel/avr tools/avr toolchain/bin/../lib/gcc/avr/4.5.1/../../../../avr/lib/avr4\libc.a(calloc.o)
 .debug_abbrev  0x00000539       0xf5 c:/program files (x86)/atmel/avr tools/avr toolchain/bin/../lib/gcc/avr/4.5.1/../../../../avr/lib/avr4\libc.a(malloc.o)

.debug_line     0x00000000     0x1324
 *(.debug_line)
 .debug_line    0x00000000      0x48b Command_Handler..o
 .debug_line    0x0000048b      0x1aa main.o
 .debug_line    0x00000635      0x78c nrf24.o
 .debug_line    0x00000dc1      0x15e c:/program files (x86)/atmel/avr tools/avr toolchain/bin/../lib/gcc/avr/4.5.1/../../../../avr/lib/avr4\libc.a(calloc.o)
 .debug_line    0x00000f1f      0x405 c:/program files (x86)/atmel/avr tools/avr toolchain/bin/../lib/gcc/avr/4.5.1/../../../../avr/lib/avr4\libc.a(malloc.o)

.debug_frame    0x00000000      0x2f0
 *(.debug_frame)
 .debug_frame   0x00000000       0x70 Command_Handler..o
 .debug_frame   0x00000070       0x40 main.o
 .debug_frame   0x000000b0      0x1f0 nrf24.o
 .debug_frame   0x000002a0       0x20 c:/program files (x86)/atmel/avr tools/avr toolchain/bin/../lib/gcc/avr/4.5.1/../../../../avr/lib/avr4\libc.a(calloc.o)
 .debug_frame   0x000002c0       0x30 c:/program files (x86)/atmel/avr tools/avr toolchain/bin/../lib/gcc/avr/4.5.1/../../../../avr/lib/avr4\libc.a(malloc.o)

.debug_str      0x00000000      0x6e6
 *(.debug_str)
 .debug_str     0x00000000      0x2c0 Command_Handler..o
                                0x308 (size before relaxing)
 .debug_str     0x000002c0       0x36 main.o
                                0x1c6 (size before relaxing)
 .debug_str     0x000002f6      0x280 nrf24.o
                                0x399 (size before relaxing)
 .debug_str     0x00000576       0x7c c:/program files (x86)/atmel/avr tools/avr toolchain/bin/../lib/gcc/avr/4.5.1/../../../../avr/lib/avr4\libc.a(calloc.o)
                                 0x9e (size before relaxing)
 .debug_str     0x000005f2       0xf4 c:/program files (x86)/atmel/avr tools/avr toolchain/bin/../lib/gcc/avr/4.5.1/../../../../avr/lib/avr4\libc.a(malloc.o)
                                0x17c (size before relaxing)

.debug_loc      0x00000000      0xa6f
 *(.debug_loc)
 .debug_loc     0x00000000      0x270 Command_Handler..o
 .debug_loc     0x00000270       0x13 main.o
 .debug_loc     0x00000283      0x35b nrf24.o
 .debug_loc     0x000005de       0x68 c:/program files (x86)/atmel/avr tools/avr toolchain/bin/../lib/gcc/avr/4.5.1/../../../../avr/lib/avr4\libc.a(calloc.o)
 .debug_loc     0x00000646      0x429 c:/program files (x86)/atmel/avr tools/avr toolchain/bin/../lib/gcc/avr/4.5.1/../../../../avr/lib/avr4\libc.a(malloc.o)

.debug_macinfo
 *(.debug_macinfo)
OUTPUT(Proyecto de placa de potencia.elf elf32-avr)
LOAD linker stubs

.debug_pubtypes
                0x00000000      0x117
 .debug_pubtypes
                0x00000000       0x58 Command_Handler..o
 .debug_pubtypes
                0x00000058       0x3e main.o
 .debug_pubtypes
                0x00000096       0x2b nrf24.o
 .debug_pubtypes
                0x000000c1       0x1d c:/program files (x86)/atmel/avr tools/avr toolchain/bin/../lib/gcc/avr/4.5.1/../../../../avr/lib/avr4\libc.a(calloc.o)
 .debug_pubtypes
                0x000000de       0x39 c:/program files (x86)/atmel/avr tools/avr toolchain/bin/../lib/gcc/avr/4.5.1/../../../../avr/lib/avr4\libc.a(malloc.o)

.debug_ranges   0x00000000      0x208
 .debug_ranges  0x00000000       0xb0 Command_Handler..o
 .debug_ranges  0x000000b0       0x38 main.o
 .debug_ranges  0x000000e8       0xf8 nrf24.o
 .debug_ranges  0x000001e0       0x10 c:/program files (x86)/atmel/avr tools/avr toolchain/bin/../lib/gcc/avr/4.5.1/../../../../avr/lib/avr4\libc.a(calloc.o)
 .debug_ranges  0x000001f0       0x18 c:/program files (x86)/atmel/avr tools/avr toolchain/bin/../lib/gcc/avr/4.5.1/../../../../avr/lib/avr4\libc.a(malloc.o)
